INFO:  Loaded 3 plugins
INFO:  JVM info: Oracle Corporation - 21.0.11 - 21.0.11+9-LTS-211
INFO:  Scanning classes from Java runtime current
INFO:  Scanning classes from module java.base@21.0.11
INFO:  Scanning classes from module java.compiler@21.0.11
INFO:  Scanning classes from module java.datatransfer@21.0.11
INFO:  Scanning classes from module java.desktop@21.0.11
INFO:  Scanning classes from module java.instrument@21.0.11
INFO:  Scanning classes from module java.logging@21.0.11
INFO:  Scanning classes from module java.management@21.0.11
INFO:  Scanning classes from module java.management.rmi@21.0.11
INFO:  Scanning classes from module java.naming@21.0.11
INFO:  Scanning classes from module java.net.http@21.0.11
INFO:  Scanning classes from module java.prefs@21.0.11
INFO:  Scanning classes from module java.rmi@21.0.11
INFO:  Scanning classes from module java.scripting@21.0.11
INFO:  Scanning classes from module java.se@21.0.11
INFO:  Scanning classes from module java.security.jgss@21.0.11
INFO:  Scanning classes from module java.security.sasl@21.0.11
INFO:  Scanning classes from module java.smartcardio@21.0.11
INFO:  Scanning classes from module java.sql@21.0.11
INFO:  Scanning classes from module java.sql.rowset@21.0.11
INFO:  Scanning classes from module java.transaction.xa@21.0.11
INFO:  Scanning classes from module java.xml@21.0.11
INFO:  Scanning classes from module java.xml.crypto@21.0.11
INFO:  Scanning classes from module jdk.accessibility@21.0.11
INFO:  Scanning classes from module jdk.attach@21.0.11
INFO:  Scanning classes from module jdk.charsets@21.0.11
INFO:  Scanning classes from module jdk.compiler@21.0.11
INFO:  Scanning classes from module jdk.crypto.cryptoki@21.0.11
INFO:  Scanning classes from module jdk.crypto.ec@21.0.11
INFO:  Scanning classes from module jdk.crypto.mscapi@21.0.11
INFO:  Scanning classes from module jdk.dynalink@21.0.11
INFO:  Scanning classes from module jdk.editpad@21.0.11
INFO:  Scanning classes from module jdk.hotspot.agent@21.0.11
INFO:  Scanning classes from module jdk.httpserver@21.0.11
INFO:  Scanning classes from module jdk.incubator.vector@21.0.11
INFO:  Scanning classes from module jdk.internal.ed@21.0.11
INFO:  Scanning classes from module jdk.internal.jvmstat@21.0.11
INFO:  Scanning classes from module jdk.internal.le@21.0.11
INFO:  Scanning classes from module jdk.internal.opt@21.0.11
INFO:  Scanning classes from module jdk.internal.vm.ci@21.0.11
INFO:  Scanning classes from module jdk.internal.vm.compiler@21.0.11
INFO:  Scanning classes from module jdk.internal.vm.compiler.management@21.0.11
INFO:  Scanning classes from module jdk.jartool@21.0.11
INFO:  Scanning classes from module jdk.javadoc@21.0.11
INFO:  Scanning classes from module jdk.jcmd@21.0.11
INFO:  Scanning classes from module jdk.jconsole@21.0.11
INFO:  Scanning classes from module jdk.jdeps@21.0.11
INFO:  Scanning classes from module jdk.jdi@21.0.11
INFO:  Scanning classes from module jdk.jdwp.agent@21.0.11
INFO:  Scanning classes from module jdk.jfr@21.0.11
INFO:  Scanning classes from module jdk.jlink@21.0.11
INFO:  Scanning classes from module jdk.jpackage@21.0.11
INFO:  Scanning classes from module jdk.jshell@21.0.11
INFO:  Scanning classes from module jdk.jsobject@21.0.11
INFO:  Scanning classes from module jdk.jstatd@21.0.11
INFO:  Scanning classes from module jdk.localedata@21.0.11
INFO:  Scanning classes from module jdk.management@21.0.11
INFO:  Scanning classes from module jdk.management.agent@21.0.11
INFO:  Scanning classes from module jdk.management.jfr@21.0.11
INFO:  Scanning classes from module jdk.naming.dns@21.0.11
INFO:  Scanning classes from module jdk.naming.rmi@21.0.11
INFO:  Scanning classes from module jdk.net@21.0.11
INFO:  Scanning classes from module jdk.nio.mapmode@21.0.11
INFO:  Scanning classes from module jdk.random@21.0.11
INFO:  Scanning classes from module jdk.sctp@21.0.11
INFO:  Scanning classes from module jdk.security.auth@21.0.11
INFO:  Scanning classes from module jdk.security.jgss@21.0.11
INFO:  Scanning classes from module jdk.unsupported@21.0.11
INFO:  Scanning classes from module jdk.unsupported.desktop@21.0.11
INFO:  Scanning classes from module jdk.xml.dom@21.0.11
INFO:  Scanning classes from module jdk.zipfs@21.0.11
INFO:  Scanning classes from archive C:\Users\somet\curseforge\minecraft\Instances\BeanPack Invincible\mods\TAIGA-Replant-Replant(1.0.0-beta).jar
INFO:  Loading Class: com/sosnitzka/taiga/Alloys from archive C:\Users\somet\curseforge\minecraft\Instances\BeanPack Invincible\mods\TAIGA-Replant-Replant(1.0.0-beta).jar
INFO:  Loading Class: com/sosnitzka/taiga/blocks/BlockCobble from archive C:\Users\somet\curseforge\minecraft\Instances\BeanPack Invincible\mods\TAIGA-Replant-Replant(1.0.0-beta).jar
INFO:  Loading Class: com/sosnitzka/taiga/blocks/BlockMeteoriteRock from archive C:\Users\somet\curseforge\minecraft\Instances\BeanPack Invincible\mods\TAIGA-Replant-Replant(1.0.0-beta).jar
INFO:  Loading Class: com/sosnitzka/taiga/blocks/BlockTiberium from archive C:\Users\somet\curseforge\minecraft\Instances\BeanPack Invincible\mods\TAIGA-Replant-Replant(1.0.0-beta).jar
INFO:  Loading Class: com/sosnitzka/taiga/Blocks from archive C:\Users\somet\curseforge\minecraft\Instances\BeanPack Invincible\mods\TAIGA-Replant-Replant(1.0.0-beta).jar
INFO:  Loading Class: com/sosnitzka/taiga/book/ContentOre from archive C:\Users\somet\curseforge\minecraft\Instances\BeanPack Invincible\mods\TAIGA-Replant-Replant(1.0.0-beta).jar
INFO:  Loading Class: com/sosnitzka/taiga/CreativeTab$1 from archive C:\Users\somet\curseforge\minecraft\Instances\BeanPack Invincible\mods\TAIGA-Replant-Replant(1.0.0-beta).jar
INFO:  Loading Class: com/sosnitzka/taiga/CreativeTab$2 from archive C:\Users\somet\curseforge\minecraft\Instances\BeanPack Invincible\mods\TAIGA-Replant-Replant(1.0.0-beta).jar
INFO:  Loading Class: com/sosnitzka/taiga/CreativeTab from archive C:\Users\somet\curseforge\minecraft\Instances\BeanPack Invincible\mods\TAIGA-Replant-Replant(1.0.0-beta).jar
INFO:  Loading Class: com/sosnitzka/taiga/Fluids from archive C:\Users\somet\curseforge\minecraft\Instances\BeanPack Invincible\mods\TAIGA-Replant-Replant(1.0.0-beta).jar
INFO:  Loading Class: com/sosnitzka/taiga/generic/BasicBlock from archive C:\Users\somet\curseforge\minecraft\Instances\BeanPack Invincible\mods\TAIGA-Replant-Replant(1.0.0-beta).jar
INFO:  Loading Class: com/sosnitzka/taiga/generic/BasicItem from archive C:\Users\somet\curseforge\minecraft\Instances\BeanPack Invincible\mods\TAIGA-Replant-Replant(1.0.0-beta).jar
INFO:  Loading Class: com/sosnitzka/taiga/generic/BasicTinkerFluid from archive C:\Users\somet\curseforge\minecraft\Instances\BeanPack Invincible\mods\TAIGA-Replant-Replant(1.0.0-beta).jar
INFO:  Loading Class: com/sosnitzka/taiga/generic/BlockOre from archive C:\Users\somet\curseforge\minecraft\Instances\BeanPack Invincible\mods\TAIGA-Replant-Replant(1.0.0-beta).jar
INFO:  Loading Class: com/sosnitzka/taiga/Items from archive C:\Users\somet\curseforge\minecraft\Instances\BeanPack Invincible\mods\TAIGA-Replant-Replant(1.0.0-beta).jar
INFO:  Loading Class: com/sosnitzka/taiga/keys/Keybindings from archive C:\Users\somet\curseforge\minecraft\Instances\BeanPack Invincible\mods\TAIGA-Replant-Replant(1.0.0-beta).jar
INFO:  Loading Class: com/sosnitzka/taiga/keys/KeyServer from archive C:\Users\somet\curseforge\minecraft\Instances\BeanPack Invincible\mods\TAIGA-Replant-Replant(1.0.0-beta).jar
INFO:  Loading Class: com/sosnitzka/taiga/MaterialTraits from archive C:\Users\somet\curseforge\minecraft\Instances\BeanPack Invincible\mods\TAIGA-Replant-Replant(1.0.0-beta).jar
INFO:  Loading Class: com/sosnitzka/taiga/net/AltKeySyncClient$Handler from archive C:\Users\somet\curseforge\minecraft\Instances\BeanPack Invincible\mods\TAIGA-Replant-Replant(1.0.0-beta).jar
INFO:  Loading Class: com/sosnitzka/taiga/net/AltKeySyncClient from archive C:\Users\somet\curseforge\minecraft\Instances\BeanPack Invincible\mods\TAIGA-Replant-Replant(1.0.0-beta).jar
INFO:  Loading Class: com/sosnitzka/taiga/net/NetManager from archive C:\Users\somet\curseforge\minecraft\Instances\BeanPack Invincible\mods\TAIGA-Replant-Replant(1.0.0-beta).jar
INFO:  Loading Class: com/sosnitzka/taiga/proxy/ClientProxy$1 from archive C:\Users\somet\curseforge\minecraft\Instances\BeanPack Invincible\mods\TAIGA-Replant-Replant(1.0.0-beta).jar
INFO:  Loading Class: com/sosnitzka/taiga/proxy/ClientProxy$FluidStateMapper from archive C:\Users\somet\curseforge\minecraft\Instances\BeanPack Invincible\mods\TAIGA-Replant-Replant(1.0.0-beta).jar
INFO:  Loading Class: com/sosnitzka/taiga/proxy/ClientProxy from archive C:\Users\somet\curseforge\minecraft\Instances\BeanPack Invincible\mods\TAIGA-Replant-Replant(1.0.0-beta).jar
INFO:  Loading Class: com/sosnitzka/taiga/proxy/CommonProxy from archive C:\Users\somet\curseforge\minecraft\Instances\BeanPack Invincible\mods\TAIGA-Replant-Replant(1.0.0-beta).jar
INFO:  Loading Class: com/sosnitzka/taiga/recipes/CraftingRegistry from archive C:\Users\somet\curseforge\minecraft\Instances\BeanPack Invincible\mods\TAIGA-Replant-Replant(1.0.0-beta).jar
INFO:  Loading Class: com/sosnitzka/taiga/recipes/SmeltingRegistry from archive C:\Users\somet\curseforge\minecraft\Instances\BeanPack Invincible\mods\TAIGA-Replant-Replant(1.0.0-beta).jar
INFO:  Loading Class: com/sosnitzka/taiga/TAIGA from archive C:\Users\somet\curseforge\minecraft\Instances\BeanPack Invincible\mods\TAIGA-Replant-Replant(1.0.0-beta).jar
INFO:  Loading Class: com/sosnitzka/taiga/TAIGAConfiguration$ConfigEventHandler from archive C:\Users\somet\curseforge\minecraft\Instances\BeanPack Invincible\mods\TAIGA-Replant-Replant(1.0.0-beta).jar
INFO:  Loading Class: com/sosnitzka/taiga/TAIGAConfiguration from archive C:\Users\somet\curseforge\minecraft\Instances\BeanPack Invincible\mods\TAIGA-Replant-Replant(1.0.0-beta).jar
INFO:  Loading Class: com/sosnitzka/taiga/TAIGAGuiFactory$TAIGAConfigGui$CategoryEntryGeneral from archive C:\Users\somet\curseforge\minecraft\Instances\BeanPack Invincible\mods\TAIGA-Replant-Replant(1.0.0-beta).jar
INFO:  Loading Class: com/sosnitzka/taiga/TAIGAGuiFactory$TAIGAConfigGui$CategoryEntryOreGen from archive C:\Users\somet\curseforge\minecraft\Instances\BeanPack Invincible\mods\TAIGA-Replant-Replant(1.0.0-beta).jar
INFO:  Loading Class: com/sosnitzka/taiga/TAIGAGuiFactory$TAIGAConfigGui$CategoryEntryTraits from archive C:\Users\somet\curseforge\minecraft\Instances\BeanPack Invincible\mods\TAIGA-Replant-Replant(1.0.0-beta).jar
INFO:  Loading Class: com/sosnitzka/taiga/TAIGAGuiFactory$TAIGAConfigGui from archive C:\Users\somet\curseforge\minecraft\Instances\BeanPack Invincible\mods\TAIGA-Replant-Replant(1.0.0-beta).jar
INFO:  Loading Class: com/sosnitzka/taiga/TAIGAGuiFactory from archive C:\Users\somet\curseforge\minecraft\Instances\BeanPack Invincible\mods\TAIGA-Replant-Replant(1.0.0-beta).jar
INFO:  Loading Class: com/sosnitzka/taiga/traits/abs/AbstractKeyBindTrait from archive C:\Users\somet\curseforge\minecraft\Instances\BeanPack Invincible\mods\TAIGA-Replant-Replant(1.0.0-beta).jar
INFO:  Loading Class: com/sosnitzka/taiga/traits/TraitAnalysing from archive C:\Users\somet\curseforge\minecraft\Instances\BeanPack Invincible\mods\TAIGA-Replant-Replant(1.0.0-beta).jar
INFO:  Loading Class: com/sosnitzka/taiga/traits/TraitArcane from archive C:\Users\somet\curseforge\minecraft\Instances\BeanPack Invincible\mods\TAIGA-Replant-Replant(1.0.0-beta).jar
INFO:  Loading Class: com/sosnitzka/taiga/traits/TraitBerserk from archive C:\Users\somet\curseforge\minecraft\Instances\BeanPack Invincible\mods\TAIGA-Replant-Replant(1.0.0-beta).jar
INFO:  Loading Class: com/sosnitzka/taiga/traits/TraitBlind from archive C:\Users\somet\curseforge\minecraft\Instances\BeanPack Invincible\mods\TAIGA-Replant-Replant(1.0.0-beta).jar
INFO:  Loading Class: com/sosnitzka/taiga/traits/TraitBright from archive C:\Users\somet\curseforge\minecraft\Instances\BeanPack Invincible\mods\TAIGA-Replant-Replant(1.0.0-beta).jar
INFO:  Loading Class: com/sosnitzka/taiga/traits/TraitCascade from archive C:\Users\somet\curseforge\minecraft\Instances\BeanPack Invincible\mods\TAIGA-Replant-Replant(1.0.0-beta).jar
INFO:  Loading Class: com/sosnitzka/taiga/traits/TraitCatcher$Data from archive C:\Users\somet\curseforge\minecraft\Instances\BeanPack Invincible\mods\TAIGA-Replant-Replant(1.0.0-beta).jar
INFO:  Loading Class: com/sosnitzka/taiga/traits/TraitCatcher from archive C:\Users\somet\curseforge\minecraft\Instances\BeanPack Invincible\mods\TAIGA-Replant-Replant(1.0.0-beta).jar
INFO:  Loading Class: com/sosnitzka/taiga/traits/TraitCongenial from archive C:\Users\somet\curseforge\minecraft\Instances\BeanPack Invincible\mods\TAIGA-Replant-Replant(1.0.0-beta).jar
INFO:  Loading Class: com/sosnitzka/taiga/traits/TraitCrushing from archive C:\Users\somet\curseforge\minecraft\Instances\BeanPack Invincible\mods\TAIGA-Replant-Replant(1.0.0-beta).jar
INFO:  Loading Class: com/sosnitzka/taiga/traits/TraitCursed from archive C:\Users\somet\curseforge\minecraft\Instances\BeanPack Invincible\mods\TAIGA-Replant-Replant(1.0.0-beta).jar
INFO:  Loading Class: com/sosnitzka/taiga/traits/TraitCurvature from archive C:\Users\somet\curseforge\minecraft\Instances\BeanPack Invincible\mods\TAIGA-Replant-Replant(1.0.0-beta).jar
INFO:  Loading Class: com/sosnitzka/taiga/traits/TraitDark from archive C:\Users\somet\curseforge\minecraft\Instances\BeanPack Invincible\mods\TAIGA-Replant-Replant(1.0.0-beta).jar
INFO:  Loading Class: com/sosnitzka/taiga/traits/TraitDecay from archive C:\Users\somet\curseforge\minecraft\Instances\BeanPack Invincible\mods\TAIGA-Replant-Replant(1.0.0-beta).jar
INFO:  Loading Class: com/sosnitzka/taiga/traits/TraitDiffuse from archive C:\Users\somet\curseforge\minecraft\Instances\BeanPack Invincible\mods\TAIGA-Replant-Replant(1.0.0-beta).jar
INFO:  Loading Class: com/sosnitzka/taiga/traits/TraitDissolving from archive C:\Users\somet\curseforge\minecraft\Instances\BeanPack Invincible\mods\TAIGA-Replant-Replant(1.0.0-beta).jar
INFO:  Loading Class: com/sosnitzka/taiga/traits/TraitFracture$1 from archive C:\Users\somet\curseforge\minecraft\Instances\BeanPack Invincible\mods\TAIGA-Replant-Replant(1.0.0-beta).jar
INFO:  Loading Class: com/sosnitzka/taiga/traits/TraitFracture from archive C:\Users\somet\curseforge\minecraft\Instances\BeanPack Invincible\mods\TAIGA-Replant-Replant(1.0.0-beta).jar
INFO:  Loading Class: com/sosnitzka/taiga/traits/TraitFragile from archive C:\Users\somet\curseforge\minecraft\Instances\BeanPack Invincible\mods\TAIGA-Replant-Replant(1.0.0-beta).jar
INFO:  Loading Class: com/sosnitzka/taiga/traits/TraitGarishly from archive C:\Users\somet\curseforge\minecraft\Instances\BeanPack Invincible\mods\TAIGA-Replant-Replant(1.0.0-beta).jar
INFO:  Loading Class: com/sosnitzka/taiga/traits/TraitGlimmer from archive C:\Users\somet\curseforge\minecraft\Instances\BeanPack Invincible\mods\TAIGA-Replant-Replant(1.0.0-beta).jar
INFO:  Loading Class: com/sosnitzka/taiga/traits/TraitHeroic from archive C:\Users\somet\curseforge\minecraft\Instances\BeanPack Invincible\mods\TAIGA-Replant-Replant(1.0.0-beta).jar
INFO:  Loading Class: com/sosnitzka/taiga/traits/TraitHollow from archive C:\Users\somet\curseforge\minecraft\Instances\BeanPack Invincible\mods\TAIGA-Replant-Replant(1.0.0-beta).jar
INFO:  Loading Class: com/sosnitzka/taiga/traits/TraitMelting from archive C:\Users\somet\curseforge\minecraft\Instances\BeanPack Invincible\mods\TAIGA-Replant-Replant(1.0.0-beta).jar
INFO:  Loading Class: com/sosnitzka/taiga/traits/TraitMutate from archive C:\Users\somet\curseforge\minecraft\Instances\BeanPack Invincible\mods\TAIGA-Replant-Replant(1.0.0-beta).jar
INFO:  Loading Class: com/sosnitzka/taiga/traits/TraitNatureBound from archive C:\Users\somet\curseforge\minecraft\Instances\BeanPack Invincible\mods\TAIGA-Replant-Replant(1.0.0-beta).jar
INFO:  Loading Class: com/sosnitzka/taiga/traits/TraitPorted from archive C:\Users\somet\curseforge\minecraft\Instances\BeanPack Invincible\mods\TAIGA-Replant-Replant(1.0.0-beta).jar
INFO:  Loading Class: com/sosnitzka/taiga/traits/TraitProgressiveStats$StatNBT from archive C:\Users\somet\curseforge\minecraft\Instances\BeanPack Invincible\mods\TAIGA-Replant-Replant(1.0.0-beta).jar
INFO:  Loading Class: com/sosnitzka/taiga/traits/TraitProgressiveStats from archive C:\Users\somet\curseforge\minecraft\Instances\BeanPack Invincible\mods\TAIGA-Replant-Replant(1.0.0-beta).jar
INFO:  Loading Class: com/sosnitzka/taiga/traits/TraitPulverizing from archive C:\Users\somet\curseforge\minecraft\Instances\BeanPack Invincible\mods\TAIGA-Replant-Replant(1.0.0-beta).jar
INFO:  Loading Class: com/sosnitzka/taiga/traits/TraitResonance from archive C:\Users\somet\curseforge\minecraft\Instances\BeanPack Invincible\mods\TAIGA-Replant-Replant(1.0.0-beta).jar
INFO:  Loading Class: com/sosnitzka/taiga/traits/TraitReviving from archive C:\Users\somet\curseforge\minecraft\Instances\BeanPack Invincible\mods\TAIGA-Replant-Replant(1.0.0-beta).jar
INFO:  Loading Class: com/sosnitzka/taiga/traits/TraitSlaughtering from archive C:\Users\somet\curseforge\minecraft\Instances\BeanPack Invincible\mods\TAIGA-Replant-Replant(1.0.0-beta).jar
INFO:  Loading Class: com/sosnitzka/taiga/traits/TraitSofty from archive C:\Users\somet\curseforge\minecraft\Instances\BeanPack Invincible\mods\TAIGA-Replant-Replant(1.0.0-beta).jar
INFO:  Loading Class: com/sosnitzka/taiga/traits/TraitSoulEater from archive C:\Users\somet\curseforge\minecraft\Instances\BeanPack Invincible\mods\TAIGA-Replant-Replant(1.0.0-beta).jar
INFO:  Loading Class: com/sosnitzka/taiga/traits/TraitSuperHeavy from archive C:\Users\somet\curseforge\minecraft\Instances\BeanPack Invincible\mods\TAIGA-Replant-Replant(1.0.0-beta).jar
INFO:  Loading Class: com/sosnitzka/taiga/traits/TraitTantrum$Data from archive C:\Users\somet\curseforge\minecraft\Instances\BeanPack Invincible\mods\TAIGA-Replant-Replant(1.0.0-beta).jar
INFO:  Loading Class: com/sosnitzka/taiga/traits/TraitTantrum from archive C:\Users\somet\curseforge\minecraft\Instances\BeanPack Invincible\mods\TAIGA-Replant-Replant(1.0.0-beta).jar
INFO:  Loading Class: com/sosnitzka/taiga/traits/TraitUnstable from archive C:\Users\somet\curseforge\minecraft\Instances\BeanPack Invincible\mods\TAIGA-Replant-Replant(1.0.0-beta).jar
INFO:  Loading Class: com/sosnitzka/taiga/traits/TraitWhirl from archive C:\Users\somet\curseforge\minecraft\Instances\BeanPack Invincible\mods\TAIGA-Replant-Replant(1.0.0-beta).jar
INFO:  Loading Class: com/sosnitzka/taiga/util/Generator from archive C:\Users\somet\curseforge\minecraft\Instances\BeanPack Invincible\mods\TAIGA-Replant-Replant(1.0.0-beta).jar
INFO:  Loading Class: com/sosnitzka/taiga/util/StateMatcher from archive C:\Users\somet\curseforge\minecraft\Instances\BeanPack Invincible\mods\TAIGA-Replant-Replant(1.0.0-beta).jar
INFO:  Loading Class: com/sosnitzka/taiga/util/Utils$GeneralNBTData from archive C:\Users\somet\curseforge\minecraft\Instances\BeanPack Invincible\mods\TAIGA-Replant-Replant(1.0.0-beta).jar
INFO:  Loading Class: com/sosnitzka/taiga/util/Utils from archive C:\Users\somet\curseforge\minecraft\Instances\BeanPack Invincible\mods\TAIGA-Replant-Replant(1.0.0-beta).jar
INFO:  Loading Class: com/sosnitzka/taiga/world/MeteorWorldSaveData$1 from archive C:\Users\somet\curseforge\minecraft\Instances\BeanPack Invincible\mods\TAIGA-Replant-Replant(1.0.0-beta).jar
INFO:  Loading Class: com/sosnitzka/taiga/world/MeteorWorldSaveData from archive C:\Users\somet\curseforge\minecraft\Instances\BeanPack Invincible\mods\TAIGA-Replant-Replant(1.0.0-beta).jar
INFO:  Loading Class: com/sosnitzka/taiga/world/WorldGen from archive C:\Users\somet\curseforge\minecraft\Instances\BeanPack Invincible\mods\TAIGA-Replant-Replant(1.0.0-beta).jar
INFO:  Loading Class: com/sosnitzka/taiga/world/WorldGenMinable from archive C:\Users\somet\curseforge\minecraft\Instances\BeanPack Invincible\mods\TAIGA-Replant-Replant(1.0.0-beta).jar
INFO:  Loading Class: java/lang/invoke/MethodHandles$Lookup from module java.base@21.0.11
INFO:  Loading Class: java/lang/invoke/MethodHandles from module java.base@21.0.11
INFO:  Preprocessing class com/sosnitzka/taiga/util/Generator
INFO:     Loading Class: java/lang/Object from module java.base@21.0.11
INFO:  ... done
INFO:  Decompiling class com/sosnitzka/taiga/util/Generator
INFO:        Loading Class: java/util/List from module java.base@21.0.11
INFO:        Loading Class: java/util/Random from module java.base@21.0.11
INFO:        Loading Class: java/util/function/Predicate from module java.base@21.0.11
INFO:        Loading Class: java/util/HashSet from module java.base@21.0.11
INFO:        Loading Class: java/util/Set from module java.base@21.0.11
INFO:        Loading Class: java/util/Collection from module java.base@21.0.11
INFO:        Loading Class: java/lang/Iterable from module java.base@21.0.11
INFO:        Loading Class: java/lang/Cloneable from module java.base@21.0.11
INFO:        Loading Class: java/io/Serializable from module java.base@21.0.11
INFO:        Loading Class: java/util/AbstractSet from module java.base@21.0.11
INFO:        Loading Class: java/util/AbstractCollection from module java.base@21.0.11
INFO:        Loading Class: java/lang/String from module java.base@21.0.11
INFO:  ... done
